[functional-reassurance-910678.framer.app/index.html]
[backblue.gif]
[fade.gif]
[index.html]
[framerusercontent.com/sites/icons/default-favicon-light.v1.png]
[framerusercontent.com/sites/icons/default-favicon-dark.v1.png]
[framerusercontent.com/sites/icons/default-touch-icon.v3.png]
[framerusercontent.com/images/fyZ08X9Ep9pXbalSXF0SD8mR3SE.png]
[framerusercontent.com/images/SamCv6KSny7SP1ExMMDbv2jwuk.png]
[framerusercontent.com/images/zBeZWEOwXUsKPpJ8onlA2F4o.png]
[framerusercontent.com/images/LJCvST6zLHA5ni0vC5dSnO3sso.png]
[framerusercontent.com/images/eVfNg8coYe9a8AuoDnJysMYmRKA.png]
[framerusercontent.com/images/iz4h3ntR41OZ1kErJngv9PaLqCAbf23.png]
[framerusercontent.com/images/EBfa5POs1K4jMkBsHh5aXcdqqA.png]
[framerusercontent.com/images/xM9x8SIRiF3zLdnSPzRANbQLbo.png]
[framerusercontent.com/images/PYVGyR5NSMBM6cZ7XIndnkeLsXw.png]
[framerusercontent.com/images/Xn7ruL86gBTvOPdhlMpyXxQCQ.png]
[functional-reassurance-910678.framer.app/projects.html]
[functional-reassurance-910678.framer.app/ai-experiments.html]
[framerusercontent.com/images/zYlHgimYlGWkNO5MhHZvqbRfP80.png]
[framerusercontent.com/images/xihHssLhWWJyhr3TDFKunbksdc.gif]
[framerusercontent.com/images/ZqbQpmdcozasVuWLYkdYynIutw.gif]
[framerusercontent.com/images/VzeyzNKHcPf3x7FQEOLyhFi5DXo.png]
[framerusercontent.com/images/DWvqNdjv0MCVjxEX52fyVZtRfDY.png]
[framerusercontent.com/images/eMZ9tEoVSg9jxUCHAj4BK3rpI.png]
[framerusercontent.com/images/v41iH4NOYZOkXG3YTXO2FklgLg.png]
[framerusercontent.com/images/4XsyRMlfAcuSeICxe0KYYxUcbf23.jpg]
[framerusercontent.com/images/IafZ9ij9s3Qq0tIiWL7x7DiWq2E.gif]
[framerusercontent.com/images/EHYKCszknUL4FpxoMUZnlpZpoLY.png]
[framerusercontent.com/images/5TWAUgikpbPC2ANWpXrApBgrmc.gif]
[functional-reassurance-910678.framer.app/index.html]
[functional-reassurance-910678.framer.app/artdomi.html]
[framerusercontent.com/images/Qm8k1bQFrPFCbbyr7dSxLLLffU.png]
[functional-reassurance-910678.framer.app/projects.html]
[framerusercontent.com/images/5FK0PNimFOhYh9OSkQLdg6elYSY.png]
[framerusercontent.com/images/5WT1ip7i8jNV1BuJSEhVNyjJCYk.gif]
[framerusercontent.com/images/kTCUrtsw0E2x6Ji1Jn9Pjztpc.gif]
[framerusercontent.com/images/dtYWm3uOaqTQYFKsoQ6dCBByzQUbf23.png]
[functional-reassurance-910678.framer.app/ai-experiments.html]
